// Jest Snapshot v1, https://goo.gl/fbAQLP

exports[`Paragraph renders correctly 1`] = `
<Paragraph
  color="rgba(0, 13, 85, 0.8)"
  size="1.8rem"
  text="Unicorns"
>
  <styled.p
    color="rgba(0, 13, 85, 0.8)"
    size="1.8rem"
  >
    <p
      className="sc-bdVaJa HuCCv"
      color="rgba(0, 13, 85, 0.8)"
      size="1.8rem"
    >
      Unicorns
    </p>
  </styled.p>
</Paragraph>
`;
