// Jest Snapshot v1, https://goo.gl/fbAQLP

exports[`BarTechnologies renders correctly 1`] = `
<styled.div>
  <styled.div>
    <styled.div
      key="0"
    >
      <IconLabel
        className="fab fa-html5"
        color="#fff"
        label="HTML5"
      />
    </styled.div>
    <styled.div
      key="1"
    >
      <IconLabel
        className="fab fa-css3-alt"
        color="#fff"
        label="CSS3"
      />
    </styled.div>
    <styled.div
      key="2"
    >
      <IconLabel
        className="fab fa-js-square"
        color="#fff"
        label="ES6"
      />
    </styled.div>
  </styled.div>
  <styled.div>
    <styled.div
      key="0"
    >
      <IconLabel
        className="fab fa-react"
        color="#fff"
        label="React"
      />
    </styled.div>
    <styled.div
      key="1"
    >
      <IconLabel
        className="fab fa-react"
        color="#fff"
        label="React-Native"
      />
    </styled.div>
    <styled.div
      key="2"
    >
      <IconLabel
        className="fab fa-node-js"
        color="#fff"
        label="Node"
      />
    </styled.div>
  </styled.div>
</styled.div>
`;
