// Jest Snapshot v1, https://goo.gl/fbAQLP

exports[`IconLabel renders correctly 1`] = `
<IconLabel
  color="rgba(0, 13, 85, 0.8)"
  label="Dolphins"
>
  <styled.span>
    <span
      className="sc-gZMcBi ibDgNx"
    >
      <styled.i>
        <i
          className="sc-gqjmRU dfnTHc"
        />
      </styled.i>
      <HeadingTertiary
        color="rgba(0, 13, 85, 0.8)"
        text="Dolphins"
      >
        <styled.h3
          color="rgba(0, 13, 85, 0.8)"
        >
          <h3
            className="sc-bZQynM jZhXzy"
            color="rgba(0, 13, 85, 0.8)"
          >
            Dolphins
          </h3>
        </styled.h3>
      </HeadingTertiary>
    </span>
  </styled.span>
</IconLabel>
`;
