// Jest Snapshot v1, https://goo.gl/fbAQLP

exports[`IconLink renders correctly 1`] = `
<IconLink
  color="rgba(0, 13, 85, 0.8)"
  url="www.rainbows.com"
>
  <a
    href="www.rainbows.com"
  >
    <styled.i
      color="rgba(0, 13, 85, 0.8)"
    >
      <i
        className="sc-bdVaJa cIrqXy"
        color="rgba(0, 13, 85, 0.8)"
      />
    </styled.i>
  </a>
</IconLink>
`;
