// Jest Snapshot v1, https://goo.gl/fbAQLP

exports[`SectionIntro renders correctly 1`] = `
<styled.section>
  <styled.div>
    <VideoCode />
    <styled.div>
      <Styled(HeadingPrimary)
        color="#fff"
        text="Brian Park"
      />
      <Styled(HeadingPrimary)
        color="#fff"
        size="2.2rem"
        text="Bringing products to market"
      />
    </styled.div>
    <a
      href="#skills"
    >
      <styled.i
        className="fas fa-angle-down"
      />
    </a>
  </styled.div>
</styled.section>
`;
