// Jest Snapshot v1, https://goo.gl/fbAQLP

exports[`SectionSkills renders correctly 1`] = `
<styled.section>
  <Styled(HeadingSecondary)
    text="What I do"
  />
  <styled.div
    className="wow fadeInUp"
  >
    <Styled(Skill)
      content="A big goal requires efficient planning. I use the 80/20 rule and iterative development to deliver exceptional results."
      key="0"
      title="Strategy"
    />
    <Styled(Skill)
      content="Customer obsession inspires elegant design. I use feedback to craft interfaces that are easy to use."
      key="1"
      title="Product"
    />
    <Styled(Skill)
      content="Optimization drives continuous improvement. I use cutting-edge tools and frameworks to write clean, scalable code."
      key="2"
      title="Technology"
    />
  </styled.div>
</styled.section>
`;
