// Jest Snapshot v1, https://goo.gl/fbAQLP

exports[`SectionTechnologies renders correctly 1`] = `
<styled.section>
  <Styled(HeadingSecondary)
    color="#fff"
    text="Technologies"
  />
  <styled.div
    className="wow fadeIn"
  >
    <Styled(Paragraph)
      color="#fff"
      text="My primary focus is JavaScript. JavaScript's ubiquity makes it arguably the most productive programming language. It can be used for web, mobile and APIs. It has cutting-edge tools, libraries and frameworks. Its first-class functions facilitate a declarative programming style. JavaScript empowers me to bring products to market fast."
    />
    <BarTechnologies />
  </styled.div>
</styled.section>
`;
