// Jest Snapshot v1, https://goo.gl/fbAQLP

exports[`HeadingSecondary renders correctly 1`] = `
<HeadingSecondary
  color="rgba(0, 13, 85, 0.8)"
  text="Unicorns"
>
  <styled.h2
    color="rgba(0, 13, 85, 0.8)"
  >
    <h2
      className="sc-bdVaJa iBikEu"
      color="rgba(0, 13, 85, 0.8)"
    >
      Unicorns
    </h2>
  </styled.h2>
</HeadingSecondary>
`;
