// Jest Snapshot v1, https://goo.gl/fbAQLP

exports[`HeadingTertiary renders correctly 1`] = `
<HeadingTertiary
  color="rgba(0, 13, 85, 0.8)"
  text="Unicorns"
>
  <styled.h3
    color="rgba(0, 13, 85, 0.8)"
  >
    <h3
      className="sc-bdVaJa iplLds"
      color="rgba(0, 13, 85, 0.8)"
    >
      Unicorns
    </h3>
  </styled.h3>
</HeadingTertiary>
`;
