// Jest Snapshot v1, https://goo.gl/fbAQLP

exports[`HeadingPrimary renders correctly 1`] = `
<HeadingPrimary
  color="rgba(0, 13, 85, 0.8)"
  size="6rem"
  text="Unicorns"
>
  <styled.h1
    color="rgba(0, 13, 85, 0.8)"
    size="6rem"
  >
    <h1
      className="sc-bdVaJa bykBkz"
      color="rgba(0, 13, 85, 0.8)"
      size="6rem"
    >
      Unicorns
    </h1>
  </styled.h1>
</HeadingPrimary>
`;
